<naredba_skoka> ::= KR_BREAK(51,break) TOCKAZAREZ(51,;)
