<aditivni_izraz> ::= <aditivni_izraz> PLUS(5,+) <multiplikativni_izraz>
