<postfiks_izraz> ::= <postfiks_izraz> L_UGL_ZAGRADA(29,[) <izraz> D_UGL_ZAGRADA(29,])
