<naredba_skoka> ::= KR_RETURN(7,return) TOCKAZAREZ(7,;)
