<naredba_skoka> ::= KR_BREAK(7,break) TOCKAZAREZ(7,;)
