<naredba_skoka> ::= KR_BREAK(6,break) TOCKAZAREZ(6,;)
