<naredba_skoka> ::= KR_BREAK(48,break) TOCKAZAREZ(48,;)
