<naredba_skoka> ::= KR_RETURN(21,return) <izraz> TOCKAZAREZ(21,;)
