<init_deklarator> ::= <izravni_deklarator> OP_PRIDRUZI(20,=) <inicijalizator>
