<postfiks_izraz> ::= <postfiks_izraz> L_ZAGRADA(7,() <lista_argumenata> D_ZAGRADA(7,))
