<multiplikativni_izraz> ::= <multiplikativni_izraz> OP_DIJELI(8,/) <cast_izraz>
