<naredba_skoka> ::= KR_RETURN(10,return) <izraz> TOCKAZAREZ(10,;)
