<init_deklarator> ::= <izravni_deklarator> OP_PRIDRUZI(21,=) <inicijalizator>
