<init_deklarator> ::= <izravni_deklarator> OP_PRIDRUZI(2,=) <inicijalizator>
