<izraz_pridruzivanja> ::= <postfiks_izraz> OP_PRIDRUZI(22,=) <izraz_pridruzivanja>
