<naredba_skoka> ::= KR_BREAK(39,break) TOCKAZAREZ(39,;)
