<naredba_skoka> ::= KR_RETURN(17,return) TOCKAZAREZ(17,;)
