<S>
 <A>
  a 1 a
 <A>
  a 5 a
 <S>
  <B>
   b 7 b
