<primarni_izraz> ::= NIZ_ZNAKOVA(21,"hello world!\n\")
