<izravni_deklarator> ::= IDN(19,a) L_UGL_ZAGRADA(19,[) BROJ(19,2024) D_UGL_ZAGRADA(19,])
