<izravni_deklarator> ::= IDN(3,a) L_UGL_ZAGRADA(3,[) BROJ(3,0) D_UGL_ZAGRADA(3,])
