A 1 a
A 1 a
A 1 a
A 1 a
A 1 a
A 1 a
B 2 xabc
B 2 yabc
B 2 zabc
C 3 xabcxabc
C 3 xabcyabc
B 3 zabc
C 3 zabcyabc
D 4 oxabc
D 4 oxabcyabcyabczabcxabc
D 4 oxabc
D 4 oxabc
T 5 txabca
C 5 xabcxabc
T 5 tyabca
