<postfiks_izraz> ::= <postfiks_izraz> L_ZAGRADA(24,() <lista_argumenata> D_ZAGRADA(24,))
