<naredba_skoka> ::= KR_RETURN(6,return) <izraz> TOCKAZAREZ(6,;)
