<postfiks_izraz> ::= <postfiks_izraz> L_ZAGRADA(4,() D_ZAGRADA(4,))
