<primarni_izraz> ::= NIZ_ZNAKOVA(3,"       f         h\s")
