<naredba_skoka> ::= KR_BREAK(50,break) TOCKAZAREZ(50,;)
