<izraz_pridruzivanja> ::= <postfiks_izraz> OP_PRIDRUZI(8,=) <izraz_pridruzivanja>
