<naredba_skoka> ::= KR_RETURN(3,return) <izraz> TOCKAZAREZ(3,;)
