<naredba_skoka> ::= KR_RETURN(4,return) TOCKAZAREZ(4,;)
