<init_deklarator> ::= <izravni_deklarator> OP_PRIDRUZI(7,=) <inicijalizator>
