<naredba_skoka> ::= KR_BREAK(2,break) TOCKAZAREZ(2,;)
