<init_deklarator> ::= <izravni_deklarator> OP_PRIDRUZI(10,=) <inicijalizator>
