<izraz_pridruzivanja> ::= <postfiks_izraz> OP_PRIDRUZI(7,=) <izraz_pridruzivanja>
