<postfiks_izraz> ::= <postfiks_izraz> L_UGL_ZAGRADA(4,[) <izraz> D_UGL_ZAGRADA(4,])
