<naredba_skoka> ::= KR_RETURN(11,return) <izraz> TOCKAZAREZ(11,;)
