<primarni_izraz> ::= NIZ_ZNAKOVA(2,"x\"\0\n\t\_")
