<naredba_skoka> ::= KR_RETURN(27,return) TOCKAZAREZ(27,;)
