<postfiks_izraz> ::= <postfiks_izraz> L_UGL_ZAGRADA(5,[) <izraz> D_UGL_ZAGRADA(5,])
