<postfiks_izraz> ::= <postfiks_izraz> L_ZAGRADA(5,() D_ZAGRADA(5,))
