<izraz_pridruzivanja> ::= <postfiks_izraz> OP_PRIDRUZI(4,=) <izraz_pridruzivanja>
